// Jest Snapshot v1, https://goo.gl/fbAQLP

exports[`Testing <RegisterScreen/> should render ok 1`] = `
<div>
  <h3
    className="auth__title"
  >
    Register
  </h3>
  <form
    onSubmit={[Function]}
  >
    <input
      autoComplete="off"
      className="auth__input"
      name="name"
      onChange={[Function]}
      placeholder="Name"
      type="text"
      value="Chris"
    />
    <input
      autoComplete="off"
      className="auth__input"
      name="email"
      onChange={[Function]}
      placeholder="Email"
      type="text"
      value="correo@pruebas.com"
    />
    <input
      className="auth__input"
      name="password"
      onChange={[Function]}
      placeholder="Password"
      type="password"
      value="123456"
    />
    <input
      className="auth__input"
      name="password2"
      onChange={[Function]}
      placeholder="Confirm"
      type="password"
      value="123456"
    />
    <button
      className="btn btn-primary btn-block mb-5"
      type="submit"
    >
      Register
    </button>
    <a
      className="link"
      href="/auth/login"
      onClick={[Function]}
    >
      Already registered? Login
    </a>
  </form>
</div>
`;
